------------------------------------------------------------
Timing Analyzer Summary
------------------------------------------------------------

Type  : Slow 1200mV 85C Model Setup 'AUD_BCLK'
Slack : -3.533
TNS   : -137.004

Type  : Slow 1200mV 85C Model Setup 'i2c_pll_u|altpll_component|auto_generated|pll1|clk[0]'
Slack : 49997.464
TNS   : 0.000

Type  : Slow 1200mV 85C Model Hold 'i2c_pll_u|altpll_component|auto_generated|pll1|clk[0]'
Slack : 0.402
TNS   : 0.000

Type  : Slow 1200mV 85C Model Hold 'AUD_BCLK'
Slack : 0.440
TNS   : 0.000

Type  : Slow 1200mV 85C Model Minimum Pulse Width 'AUD_BCLK'
Slack : -3.000
TNS   : -67.250

Type  : Slow 1200mV 85C Model Minimum Pulse Width 'CLOCK_50'
Slack : 9.813
TNS   : 0.000

Type  : Slow 1200mV 85C Model Minimum Pulse Width 'i2c_pll_u|altpll_component|auto_generated|pll1|clk[0]'
Slack : 24999.712
TNS   : 0.000

Type  : Slow 1200mV 0C Model Setup 'AUD_BCLK'
Slack : -3.103
TNS   : -121.233

Type  : Slow 1200mV 0C Model Setup 'i2c_pll_u|altpll_component|auto_generated|pll1|clk[0]'
Slack : 49997.708
TNS   : 0.000

Type  : Slow 1200mV 0C Model Hold 'i2c_pll_u|altpll_component|auto_generated|pll1|clk[0]'
Slack : 0.354
TNS   : 0.000

Type  : Slow 1200mV 0C Model Hold 'AUD_BCLK'
Slack : 0.387
TNS   : 0.000

Type  : Slow 1200mV 0C Model Minimum Pulse Width 'AUD_BCLK'
Slack : -3.000
TNS   : -67.250

Type  : Slow 1200mV 0C Model Minimum Pulse Width 'CLOCK_50'
Slack : 9.791
TNS   : 0.000

Type  : Slow 1200mV 0C Model Minimum Pulse Width 'i2c_pll_u|altpll_component|auto_generated|pll1|clk[0]'
Slack : 24999.712
TNS   : 0.000

Type  : Fast 1200mV 0C Model Setup 'AUD_BCLK'
Slack : -1.221
TNS   : -42.667

Type  : Fast 1200mV 0C Model Setup 'i2c_pll_u|altpll_component|auto_generated|pll1|clk[0]'
Slack : 49998.733
TNS   : 0.000

Type  : Fast 1200mV 0C Model Hold 'i2c_pll_u|altpll_component|auto_generated|pll1|clk[0]'
Slack : 0.181
TNS   : 0.000

Type  : Fast 1200mV 0C Model Hold 'AUD_BCLK'
Slack : 0.201
TNS   : 0.000

Type  : Fast 1200mV 0C Model Minimum Pulse Width 'AUD_BCLK'
Slack : -3.000
TNS   : -71.135

Type  : Fast 1200mV 0C Model Minimum Pulse Width 'CLOCK_50'
Slack : 9.400
TNS   : 0.000

Type  : Fast 1200mV 0C Model Minimum Pulse Width 'i2c_pll_u|altpll_component|auto_generated|pll1|clk[0]'
Slack : 24999.780
TNS   : 0.000

------------------------------------------------------------
