Info: Starting: Create block symbol file (.bsf)
Info: qsys-generate C:\Users\61411\OneDrive\Desktop\Uni_Classes\MTRX3700\camera_2\vga_demo.qsys --block-symbol-file --output-directory=C:\Users\61411\OneDrive\Desktop\Uni_Classes\MTRX3700\camera_2\vga_demo --family="Cyclone IV E" --part=EP4CE115F29C7
Progress: Loading camera_2/vga_demo.qsys
Progress: Reading input file
Progress: Adding clk_0 [clock_source 20.1]
Progress: Parameterizing module clk_0
Progress: Adding video_scaler_0 [altera_up_avalon_video_scaler 18.0]
Progress: Parameterizing module video_scaler_0
Progress: Adding video_vga_controller_0 [altera_up_avalon_video_vga_controller 18.0]
Progress: Parameterizing module video_vga_controller_0
Progress: Building connections
Progress: Parameterizing connections
Progress: Validating
Progress: Done reading input file
Info: vga_demo.video_scaler_0: Change in Resolution: 320 x 240 -> 640 x 480
Info: vga_demo.video_vga_controller_0: Video Output Stream: Format: 640 x 480 with Color: 10 (bits) x 3 (planes)
Info: vga_demo.video_scaler_0.avalon_scaler_source/video_vga_controller_0.avalon_vga_sink: The source has a channel signal of 2 bits, but the sink does not. Avalon-ST Adapter will be inserted.
Info: qsys-generate succeeded.
Info: Finished: Create block symbol file (.bsf)
Info: 
Info: Starting: Create HDL design files for synthesis
Info: qsys-generate C:\Users\61411\OneDrive\Desktop\Uni_Classes\MTRX3700\camera_2\vga_demo.qsys --synthesis=VERILOG --output-directory=C:\Users\61411\OneDrive\Desktop\Uni_Classes\MTRX3700\camera_2\vga_demo\synthesis --family="Cyclone IV E" --part=EP4CE115F29C7
Progress: Loading camera_2/vga_demo.qsys
Progress: Reading input file
Progress: Adding clk_0 [clock_source 20.1]
Progress: Parameterizing module clk_0
Progress: Adding video_scaler_0 [altera_up_avalon_video_scaler 18.0]
Progress: Parameterizing module video_scaler_0
Progress: Adding video_vga_controller_0 [altera_up_avalon_video_vga_controller 18.0]
Progress: Parameterizing module video_vga_controller_0
Progress: Building connections
Progress: Parameterizing connections
Progress: Validating
Progress: Done reading input file
Info: vga_demo.video_scaler_0: Change in Resolution: 320 x 240 -> 640 x 480
Info: vga_demo.video_vga_controller_0: Video Output Stream: Format: 640 x 480 with Color: 10 (bits) x 3 (planes)
Info: vga_demo.video_scaler_0.avalon_scaler_source/video_vga_controller_0.avalon_vga_sink: The source has a channel signal of 2 bits, but the sink does not. Avalon-ST Adapter will be inserted.
Info: vga_demo: Generating vga_demo "vga_demo" for QUARTUS_SYNTH
Info: avalon_st_adapter: Inserting channel_adapter: channel_adapter_0
Error: avalon_st_adapter.in_0: Cannot connect reset for avalon_st_adapter.in_0 because video_scaler_0.avalon_scaler_source has no associated reset
Error: Generation stopped, 3 or more modules remaining
Info: vga_demo: Done "vga_demo" with 4 modules, 1 files
Error: qsys-generate failed with exit code 1: 2 Errors, 0 Warnings
Info: Finished: Create HDL design files for synthesis
